// Jest Snapshot v1, https://goo.gl/fbAQLP

exports[`MovieOverview component render correctly Should MovieOverview component render correctly 1`] = `
Array [
  <div
    className="movie-rating"
  >
    <div
      className="movie-rating__score"
    >
      5.5
    </div>
    <p
      className="movie-rating__meta"
    >
      <span
        className="movie-rating__level"
      >
        Good
      </span>
      <span
        className="movie-rating__count"
      >
        199
         ratings
      </span>
    </p>
  </div>,
  <div
    className="movie-card__text"
  >
    <p>
      Something, something Else
    </p>
    <p
      className="movie-card__director"
    >
      <strong>
        Director: 
        Wes Bos
      </strong>
    </p>
    <p
      className="movie-card__starring"
    >
      <strong>
        Starring:
         Ozzy Osbourne, Emilia Clarke
      </strong>
    </p>
  </div>,
]
`;
