// Jest Snapshot v1, https://goo.gl/fbAQLP

exports[`Should hoc withAuthData render correctly Snapshot render withAuthData 1`] = `
<div>
  <div
    className="sign-in__fields"
  >
    <div
      className="sign-in__field "
    >
      <input
        className="sign-in__input"
        id="user-email"
        name="email"
        onChange={[Function]}
        placeholder="Email address"
        type="email"
        value=""
      />
      <label
        className="sign-in__label visually-hidden"
        htmlFor="user-email"
      >
        Email address
      </label>
    </div>
    <div
      className="sign-in__field "
    >
      <input
        className="sign-in__input"
        id="user-password"
        name="password"
        onChange={[Function]}
        placeholder="Password"
        type="password"
        value=""
      />
      <label
        className="sign-in__label visually-hidden"
        htmlFor="user-password"
      >
        Password
      </label>
    </div>
  </div>
  <div
    className="sign-in__submit"
  >
    <button
      className="sign-in__btn"
      disabled={true}
      type="submit"
    />
  </div>
</div>
`;
