// Jest Snapshot v1, https://goo.gl/fbAQLP

exports[`Loader component render correctly Should Loader component render correctly 1`] = `
<div
  className="loader-wrapper"
>
  <div
    className="loader small"
  />
</div>
`;
