// Jest Snapshot v1, https://goo.gl/fbAQLP

exports[`RadioButton component render correctly Should RadioButton component render correctly 1`] = `
Array [
  <input
    checked={true}
    className="rating__input"
    disabled={false}
    id="1"
    name="rating"
    onChange={[Function]}
    type="radio"
    value="5"
  />,
  <label
    className="rating__label"
    htmlFor="1"
  >
    rating 5
  </label>,
]
`;
