// Jest Snapshot v1, https://goo.gl/fbAQLP

exports[`Icon component render correctly Should Icon component render correctly 1`] = `
<svg
  height="19"
  viewBox="0 0 20 19"
  width="20"
>
  <use
    xlinkHref="#play-s"
  />
</svg>
`;
