// Jest Snapshot v1, https://goo.gl/fbAQLP

exports[`VideoPlayer snapshot tests VideoPlayer should render correctly 1`] = `null`;
